[2026-09-13 19:18:57] [INFO   ] [GLOBAL] [CONFIG] ============================================================
[2026-09-13 19:18:57] [INFO   ] [GLOBAL] [CONFIG] EXPERIMENT CONFIGURATION
[2026-09-13 19:18:57] [INFO   ] [GLOBAL] [CONFIG] ============================================================
[2026-09-13 19:18:57] [INFO   ] [GLOBAL] [CONFIG]   experiment_id            : performance_mnist_a0.5_s42
[2026-09-13 19:18:57] [INFO   ] [GLOBAL] [CONFIG]   strategy                 : performance
[2026-09-13 19:18:57] [INFO   ] [GLOBAL] [CONFIG]   dataset                  : mnist
[2026-09-13 19:18:57] [INFO   ] [GLOBAL] [CONFIG]   alpha                    : 0.5
[2026-09-13 19:18:57] [INFO   ] [GLOBAL] [CONFIG]   seed                     : 42
[2026-09-13 19:18:57] [INFO   ] [GLOBAL] [CONFIG]   num_rounds               : 2
[2026-09-13 19:18:57] [INFO   ] [GLOBAL] [CONFIG]   num_clients              : 10
[2026-09-13 19:18:57] [INFO   ] [GLOBAL] [CONFIG]   clients_per_round        : 5
[2026-09-13 19:18:57] [INFO   ] [GLOBAL] [CONFIG]   local_epochs             : 1
[2026-09-13 19:18:57] [INFO   ] [GLOBAL] [CONFIG]   learning_rate            : 0.01
[2026-09-13 19:18:57] [INFO   ] [GLOBAL] [CONFIG]   device                   : cpu
[2026-09-13 19:18:57] [INFO   ] [GLOBAL] [CONFIG]   trace_mode               : False
[2026-09-13 19:18:57] [INFO   ] [GLOBAL] [CONFIG] ============================================================
[2026-09-13 19:18:57] [INFO   ] [performance_mnist_a0.5_s42] [SIMULATION] Starting simulation: 2 rounds | 10 clients | 5/round
[2026-09-13 19:19:35] [INFO   ] [performance_mnist_a0.5_s42] [ROUND_00] Global Accuracy: 9.5100%
[2026-09-13 19:19:35] [INFO   ] [performance_mnist_a0.5_s42] [STRATEGY] [PERFORMANCE] Round 01 | Pacer T=300.0s | Exploration ε=0.8820
→ Selected clients: ['8']
[2026-09-13 19:19:46] [INFO   ] [performance_mnist_a0.5_s42] [ROUND_01] Global Accuracy: 63.8400%
